// Jest Snapshot v1, https://goo.gl/fbAQLP

exports[`App should match a snapshot 1`] = `
<div
  className="App"
>
  <header
    className="App-header"
  >
    <h1>
      Welcome to React
    </h1>
  </header>
  <Link
    address="www.google.com"
  />
</div>
`;
